enclave {
  trusted
  {
    public void first_ecall();
  };
};
